// Jest Snapshot v1, https://goo.gl/fbAQLP

exports[`GameWithHooks test cases Render game field by default 1`] = `[Function]`;
